[2025-05-16 12:45:25] [ERROR]: uncaughtException: listen EADDRINUSE: address already in use :::3000
Error: listen EADDRINUSE: address already in use :::3000
    at Server.setupListenHandle [as _listen2] (node:net:1939:16)
    at listenInCluster (node:net:1996:12)
    at Server.listen (node:net:2101:7)
    at Function.listen (C:\Users\MSI\Desktop\Desktop\Clone-repo\PawmillyWebsite\EXE202-Code\server\node_modules\express\lib\application.js:635:24)
    at Object.<anonymous> (C:\Users\MSI\Desktop\Desktop\Clone-repo\PawmillyWebsite\EXE202-Code\server\src\server.ts:12:5)
    at Module._compile (node:internal/modules/cjs/loader:1730:14)
    at Module.m._compile (C:\Users\MSI\Desktop\Desktop\Clone-repo\PawmillyWebsite\EXE202-Code\server\node_modules\ts-node\src\index.ts:1618:23)
    at node:internal/modules/cjs/loader:1895:10
    at Object.require.extensions.<computed> [as .ts] (C:\Users\MSI\Desktop\Desktop\Clone-repo\PawmillyWebsite\EXE202-Code\server\node_modules\ts-node\src\index.ts:1621:12)
    at Module.load (node:internal/modules/cjs/loader:1465:32)
[2025-05-16 12:46:35] [ERROR]: uncaughtException: listen EADDRINUSE: address already in use :::3000
Error: listen EADDRINUSE: address already in use :::3000
    at Server.setupListenHandle [as _listen2] (node:net:1939:16)
    at listenInCluster (node:net:1996:12)
    at Server.listen (node:net:2101:7)
    at Function.listen (C:\Users\MSI\Desktop\Desktop\Clone-repo\PawmillyWebsite\EXE202-Code\server\node_modules\express\lib\application.js:635:24)
    at Object.<anonymous> (C:\Users\MSI\Desktop\Desktop\Clone-repo\PawmillyWebsite\EXE202-Code\server\src\server.ts:12:5)
    at Module._compile (node:internal/modules/cjs/loader:1730:14)
    at Module.m._compile (C:\Users\MSI\Desktop\Desktop\Clone-repo\PawmillyWebsite\EXE202-Code\server\node_modules\ts-node\src\index.ts:1618:23)
    at node:internal/modules/cjs/loader:1895:10
    at Object.require.extensions.<computed> [as .ts] (C:\Users\MSI\Desktop\Desktop\Clone-repo\PawmillyWebsite\EXE202-Code\server\node_modules\ts-node\src\index.ts:1621:12)
    at Module.load (node:internal/modules/cjs/loader:1465:32)
[2025-05-16 20:08:02] [ERROR]: uncaughtException: write EPIPE
Error: write EPIPE
    at afterWriteDispatched (node:internal/stream_base_commons:159:15)
    at writeGeneric (node:internal/stream_base_commons:150:3)
    at WriteStream.Socket._writeGeneric (node:net:971:11)
    at WriteStream.Socket._write (node:net:983:8)
    at writeOrBuffer (node:internal/streams/writable:572:12)
    at _write (node:internal/streams/writable:501:10)
    at WriteStream.Writable.write (node:internal/streams/writable:510:10)
    at Console.log (C:\Users\MSI\Desktop\Desktop\Clone-repo\PawmillyWebsite\EXE202-Code\server\node_modules\winston\lib\winston\transports\console.js:87:23)
    at Console._write (C:\Users\MSI\Desktop\Desktop\Clone-repo\PawmillyWebsite\EXE202-Code\server\node_modules\winston-transport\modern.js:82:19)
    at doWrite (C:\Users\MSI\Desktop\Desktop\Clone-repo\PawmillyWebsite\EXE202-Code\server\node_modules\winston-transport\node_modules\readable-stream\lib\_stream_writable.js:390:139)
[2025-05-17 20:06:37] [ERROR]: uncaughtException: listen EADDRINUSE: address already in use :::3000
Error: listen EADDRINUSE: address already in use :::3000
    at Server.setupListenHandle [as _listen2] (node:net:1939:16)
    at listenInCluster (node:net:1996:12)
    at Server.listen (node:net:2101:7)
    at Function.listen (C:\Users\MSI\Desktop\Desktop\Clone-repo\PawmillyWebsite\EXE202-Code\server\node_modules\express\lib\application.js:635:24)
    at Object.<anonymous> (C:\Users\MSI\Desktop\Desktop\Clone-repo\PawmillyWebsite\EXE202-Code\server\src\server.ts:12:5)
    at Module._compile (node:internal/modules/cjs/loader:1730:14)
    at Module.m._compile (C:\Users\MSI\Desktop\Desktop\Clone-repo\PawmillyWebsite\EXE202-Code\server\node_modules\ts-node\src\index.ts:1618:23)
    at node:internal/modules/cjs/loader:1895:10
    at Object.require.extensions.<computed> [as .ts] (C:\Users\MSI\Desktop\Desktop\Clone-repo\PawmillyWebsite\EXE202-Code\server\node_modules\ts-node\src\index.ts:1621:12)
    at Module.load (node:internal/modules/cjs/loader:1465:32)
[2025-05-17 20:07:07] [ERROR]: uncaughtException: listen EADDRINUSE: address already in use :::3000
Error: listen EADDRINUSE: address already in use :::3000
    at Server.setupListenHandle [as _listen2] (node:net:1939:16)
    at listenInCluster (node:net:1996:12)
    at Server.listen (node:net:2101:7)
    at Function.listen (C:\Users\MSI\Desktop\Desktop\Clone-repo\PawmillyWebsite\EXE202-Code\server\node_modules\express\lib\application.js:635:24)
    at Object.<anonymous> (C:\Users\MSI\Desktop\Desktop\Clone-repo\PawmillyWebsite\EXE202-Code\server\src\server.ts:12:5)
    at Module._compile (node:internal/modules/cjs/loader:1730:14)
    at Module.m._compile (C:\Users\MSI\Desktop\Desktop\Clone-repo\PawmillyWebsite\EXE202-Code\server\node_modules\ts-node\src\index.ts:1618:23)
    at node:internal/modules/cjs/loader:1895:10
    at Object.require.extensions.<computed> [as .ts] (C:\Users\MSI\Desktop\Desktop\Clone-repo\PawmillyWebsite\EXE202-Code\server\node_modules\ts-node\src\index.ts:1621:12)
    at Module.load (node:internal/modules/cjs/loader:1465:32)
[2025-05-17 20:11:01] [ERROR]: uncaughtException: listen EADDRINUSE: address already in use :::3000
Error: listen EADDRINUSE: address already in use :::3000
    at Server.setupListenHandle [as _listen2] (node:net:1939:16)
    at listenInCluster (node:net:1996:12)
    at Server.listen (node:net:2101:7)
    at Function.listen (C:\Users\MSI\Desktop\Desktop\Clone-repo\PawmillyWebsite\EXE202-Code\server\node_modules\express\lib\application.js:635:24)
    at Object.<anonymous> (C:\Users\MSI\Desktop\Desktop\Clone-repo\PawmillyWebsite\EXE202-Code\server\src\server.ts:12:5)
    at Module._compile (node:internal/modules/cjs/loader:1730:14)
    at Module.m._compile (C:\Users\MSI\Desktop\Desktop\Clone-repo\PawmillyWebsite\EXE202-Code\server\node_modules\ts-node\src\index.ts:1618:23)
    at node:internal/modules/cjs/loader:1895:10
    at Object.require.extensions.<computed> [as .ts] (C:\Users\MSI\Desktop\Desktop\Clone-repo\PawmillyWebsite\EXE202-Code\server\node_modules\ts-node\src\index.ts:1621:12)
    at Module.load (node:internal/modules/cjs/loader:1465:32)
[2025-05-17 20:11:16] [ERROR]: uncaughtException: listen EADDRINUSE: address already in use :::3000
Error: listen EADDRINUSE: address already in use :::3000
    at Server.setupListenHandle [as _listen2] (node:net:1939:16)
    at listenInCluster (node:net:1996:12)
    at Server.listen (node:net:2101:7)
    at Function.listen (C:\Users\MSI\Desktop\Desktop\Clone-repo\PawmillyWebsite\EXE202-Code\server\node_modules\express\lib\application.js:635:24)
    at Object.<anonymous> (C:\Users\MSI\Desktop\Desktop\Clone-repo\PawmillyWebsite\EXE202-Code\server\src\server.ts:12:5)
    at Module._compile (node:internal/modules/cjs/loader:1730:14)
    at Module.m._compile (C:\Users\MSI\Desktop\Desktop\Clone-repo\PawmillyWebsite\EXE202-Code\server\node_modules\ts-node\src\index.ts:1618:23)
    at node:internal/modules/cjs/loader:1895:10
    at Object.require.extensions.<computed> [as .ts] (C:\Users\MSI\Desktop\Desktop\Clone-repo\PawmillyWebsite\EXE202-Code\server\node_modules\ts-node\src\index.ts:1621:12)
    at Module.load (node:internal/modules/cjs/loader:1465:32)
[2025-05-17 20:15:48] [ERROR]: uncaughtException: listen EADDRINUSE: address already in use :::3000
Error: listen EADDRINUSE: address already in use :::3000
    at Server.setupListenHandle [as _listen2] (node:net:1939:16)
    at listenInCluster (node:net:1996:12)
    at Server.listen (node:net:2101:7)
    at Function.listen (C:\Users\MSI\Desktop\Desktop\Clone-repo\PawmillyWebsite\EXE202-Code\server\node_modules\express\lib\application.js:635:24)
    at Object.<anonymous> (C:\Users\MSI\Desktop\Desktop\Clone-repo\PawmillyWebsite\EXE202-Code\server\src\server.ts:12:5)
    at Module._compile (node:internal/modules/cjs/loader:1730:14)
    at Module.m._compile (C:\Users\MSI\Desktop\Desktop\Clone-repo\PawmillyWebsite\EXE202-Code\server\node_modules\ts-node\src\index.ts:1618:23)
    at node:internal/modules/cjs/loader:1895:10
    at Object.require.extensions.<computed> [as .ts] (C:\Users\MSI\Desktop\Desktop\Clone-repo\PawmillyWebsite\EXE202-Code\server\node_modules\ts-node\src\index.ts:1621:12)
    at Module.load (node:internal/modules/cjs/loader:1465:32)
[2025-05-17 20:15:52] [ERROR]: uncaughtException: listen EADDRINUSE: address already in use :::3000
Error: listen EADDRINUSE: address already in use :::3000
    at Server.setupListenHandle [as _listen2] (node:net:1939:16)
    at listenInCluster (node:net:1996:12)
    at Server.listen (node:net:2101:7)
    at Function.listen (C:\Users\MSI\Desktop\Desktop\Clone-repo\PawmillyWebsite\EXE202-Code\server\node_modules\express\lib\application.js:635:24)
    at Object.<anonymous> (C:\Users\MSI\Desktop\Desktop\Clone-repo\PawmillyWebsite\EXE202-Code\server\src\server.ts:12:5)
    at Module._compile (node:internal/modules/cjs/loader:1730:14)
    at Module.m._compile (C:\Users\MSI\Desktop\Desktop\Clone-repo\PawmillyWebsite\EXE202-Code\server\node_modules\ts-node\src\index.ts:1618:23)
    at node:internal/modules/cjs/loader:1895:10
    at Object.require.extensions.<computed> [as .ts] (C:\Users\MSI\Desktop\Desktop\Clone-repo\PawmillyWebsite\EXE202-Code\server\node_modules\ts-node\src\index.ts:1621:12)
    at Module.load (node:internal/modules/cjs/loader:1465:32)
[2025-05-17 20:21:49] [ERROR]: uncaughtException: listen EADDRINUSE: address already in use :::3000
Error: listen EADDRINUSE: address already in use :::3000
    at Server.setupListenHandle [as _listen2] (node:net:1939:16)
    at listenInCluster (node:net:1996:12)
    at Server.listen (node:net:2101:7)
    at Function.listen (C:\Users\MSI\Desktop\Desktop\Clone-repo\PawmillyWebsite\EXE202-Code\server\node_modules\express\lib\application.js:635:24)
    at Object.<anonymous> (C:\Users\MSI\Desktop\Desktop\Clone-repo\PawmillyWebsite\EXE202-Code\server\src\server.ts:12:5)
    at Module._compile (node:internal/modules/cjs/loader:1730:14)
    at Module.m._compile (C:\Users\MSI\Desktop\Desktop\Clone-repo\PawmillyWebsite\EXE202-Code\server\node_modules\ts-node\src\index.ts:1618:23)
    at node:internal/modules/cjs/loader:1895:10
    at Object.require.extensions.<computed> [as .ts] (C:\Users\MSI\Desktop\Desktop\Clone-repo\PawmillyWebsite\EXE202-Code\server\node_modules\ts-node\src\index.ts:1621:12)
    at Module.load (node:internal/modules/cjs/loader:1465:32)
[2025-05-17 20:21:50] [ERROR]: uncaughtException: listen EADDRINUSE: address already in use :::3000
Error: listen EADDRINUSE: address already in use :::3000
    at Server.setupListenHandle [as _listen2] (node:net:1939:16)
    at listenInCluster (node:net:1996:12)
    at Server.listen (node:net:2101:7)
    at Function.listen (C:\Users\MSI\Desktop\Desktop\Clone-repo\PawmillyWebsite\EXE202-Code\server\node_modules\express\lib\application.js:635:24)
    at Object.<anonymous> (C:\Users\MSI\Desktop\Desktop\Clone-repo\PawmillyWebsite\EXE202-Code\server\src\server.ts:12:5)
    at Module._compile (node:internal/modules/cjs/loader:1730:14)
    at Module.m._compile (C:\Users\MSI\Desktop\Desktop\Clone-repo\PawmillyWebsite\EXE202-Code\server\node_modules\ts-node\src\index.ts:1618:23)
    at node:internal/modules/cjs/loader:1895:10
    at Object.require.extensions.<computed> [as .ts] (C:\Users\MSI\Desktop\Desktop\Clone-repo\PawmillyWebsite\EXE202-Code\server\node_modules\ts-node\src\index.ts:1621:12)
    at Module.load (node:internal/modules/cjs/loader:1465:32)
[2025-05-17 20:22:40] [ERROR]: uncaughtException: listen EADDRINUSE: address already in use :::3000
Error: listen EADDRINUSE: address already in use :::3000
    at Server.setupListenHandle [as _listen2] (node:net:1939:16)
    at listenInCluster (node:net:1996:12)
    at Server.listen (node:net:2101:7)
    at Function.listen (C:\Users\MSI\Desktop\Desktop\Clone-repo\PawmillyWebsite\EXE202-Code\server\node_modules\express\lib\application.js:635:24)
    at Object.<anonymous> (C:\Users\MSI\Desktop\Desktop\Clone-repo\PawmillyWebsite\EXE202-Code\server\src\server.ts:12:5)
    at Module._compile (node:internal/modules/cjs/loader:1730:14)
    at Module.m._compile (C:\Users\MSI\Desktop\Desktop\Clone-repo\PawmillyWebsite\EXE202-Code\server\node_modules\ts-node\src\index.ts:1618:23)
    at node:internal/modules/cjs/loader:1895:10
    at Object.require.extensions.<computed> [as .ts] (C:\Users\MSI\Desktop\Desktop\Clone-repo\PawmillyWebsite\EXE202-Code\server\node_modules\ts-node\src\index.ts:1621:12)
    at Module.load (node:internal/modules/cjs/loader:1465:32)
[2025-05-17 20:26:47] [ERROR]: uncaughtException: listen EADDRINUSE: address already in use :::3000
Error: listen EADDRINUSE: address already in use :::3000
    at Server.setupListenHandle [as _listen2] (node:net:1939:16)
    at listenInCluster (node:net:1996:12)
    at Server.listen (node:net:2101:7)
    at Function.listen (C:\Users\MSI\Desktop\Desktop\Clone-repo\PawmillyWebsite\EXE202-Code\server\node_modules\express\lib\application.js:635:24)
    at Object.<anonymous> (C:\Users\MSI\Desktop\Desktop\Clone-repo\PawmillyWebsite\EXE202-Code\server\src\server.ts:12:5)
    at Module._compile (node:internal/modules/cjs/loader:1730:14)
    at Module.m._compile (C:\Users\MSI\Desktop\Desktop\Clone-repo\PawmillyWebsite\EXE202-Code\server\node_modules\ts-node\src\index.ts:1618:23)
    at node:internal/modules/cjs/loader:1895:10
    at Object.require.extensions.<computed> [as .ts] (C:\Users\MSI\Desktop\Desktop\Clone-repo\PawmillyWebsite\EXE202-Code\server\node_modules\ts-node\src\index.ts:1621:12)
    at Module.load (node:internal/modules/cjs/loader:1465:32)
[2025-05-17 20:26:47] [ERROR]: uncaughtException: listen EADDRINUSE: address already in use :::3000
Error: listen EADDRINUSE: address already in use :::3000
    at Server.setupListenHandle [as _listen2] (node:net:1939:16)
    at listenInCluster (node:net:1996:12)
    at Server.listen (node:net:2101:7)
    at Function.listen (C:\Users\MSI\Desktop\Desktop\Clone-repo\PawmillyWebsite\EXE202-Code\server\node_modules\express\lib\application.js:635:24)
    at Object.<anonymous> (C:\Users\MSI\Desktop\Desktop\Clone-repo\PawmillyWebsite\EXE202-Code\server\src\server.ts:12:5)
    at Module._compile (node:internal/modules/cjs/loader:1730:14)
    at Module.m._compile (C:\Users\MSI\Desktop\Desktop\Clone-repo\PawmillyWebsite\EXE202-Code\server\node_modules\ts-node\src\index.ts:1618:23)
    at node:internal/modules/cjs/loader:1895:10
    at Object.require.extensions.<computed> [as .ts] (C:\Users\MSI\Desktop\Desktop\Clone-repo\PawmillyWebsite\EXE202-Code\server\node_modules\ts-node\src\index.ts:1621:12)
    at Module.load (node:internal/modules/cjs/loader:1465:32)
[2025-05-17 20:38:48] [ERROR]: uncaughtException: listen EADDRINUSE: address already in use :::3000
Error: listen EADDRINUSE: address already in use :::3000
    at Server.setupListenHandle [as _listen2] (node:net:1939:16)
    at listenInCluster (node:net:1996:12)
    at Server.listen (node:net:2101:7)
    at Function.listen (C:\Users\MSI\Desktop\Desktop\Clone-repo\PawmillyWebsite\EXE202-Code\server\node_modules\express\lib\application.js:635:24)
    at Object.<anonymous> (C:\Users\MSI\Desktop\Desktop\Clone-repo\PawmillyWebsite\EXE202-Code\server\src\server.ts:12:5)
    at Module._compile (node:internal/modules/cjs/loader:1730:14)
    at Module.m._compile (C:\Users\MSI\Desktop\Desktop\Clone-repo\PawmillyWebsite\EXE202-Code\server\node_modules\ts-node\src\index.ts:1618:23)
    at node:internal/modules/cjs/loader:1895:10
    at Object.require.extensions.<computed> [as .ts] (C:\Users\MSI\Desktop\Desktop\Clone-repo\PawmillyWebsite\EXE202-Code\server\node_modules\ts-node\src\index.ts:1621:12)
    at Module.load (node:internal/modules/cjs/loader:1465:32)
[2025-05-17 20:38:48] [ERROR]: uncaughtException: listen EADDRINUSE: address already in use :::3000
Error: listen EADDRINUSE: address already in use :::3000
    at Server.setupListenHandle [as _listen2] (node:net:1939:16)
    at listenInCluster (node:net:1996:12)
    at Server.listen (node:net:2101:7)
    at Function.listen (C:\Users\MSI\Desktop\Desktop\Clone-repo\PawmillyWebsite\EXE202-Code\server\node_modules\express\lib\application.js:635:24)
    at Object.<anonymous> (C:\Users\MSI\Desktop\Desktop\Clone-repo\PawmillyWebsite\EXE202-Code\server\src\server.ts:12:5)
    at Module._compile (node:internal/modules/cjs/loader:1730:14)
    at Module.m._compile (C:\Users\MSI\Desktop\Desktop\Clone-repo\PawmillyWebsite\EXE202-Code\server\node_modules\ts-node\src\index.ts:1618:23)
    at node:internal/modules/cjs/loader:1895:10
    at Object.require.extensions.<computed> [as .ts] (C:\Users\MSI\Desktop\Desktop\Clone-repo\PawmillyWebsite\EXE202-Code\server\node_modules\ts-node\src\index.ts:1621:12)
    at Module.load (node:internal/modules/cjs/loader:1465:32)
[2025-05-17 20:40:28] [ERROR]: uncaughtException: listen EADDRINUSE: address already in use :::3000
Error: listen EADDRINUSE: address already in use :::3000
    at Server.setupListenHandle [as _listen2] (node:net:1939:16)
    at listenInCluster (node:net:1996:12)
    at Server.listen (node:net:2101:7)
    at Function.listen (C:\Users\MSI\Desktop\Desktop\Clone-repo\PawmillyWebsite\EXE202-Code\server\node_modules\express\lib\application.js:635:24)
    at Object.<anonymous> (C:\Users\MSI\Desktop\Desktop\Clone-repo\PawmillyWebsite\EXE202-Code\server\src\server.ts:12:5)
    at Module._compile (node:internal/modules/cjs/loader:1730:14)
    at Module.m._compile (C:\Users\MSI\Desktop\Desktop\Clone-repo\PawmillyWebsite\EXE202-Code\server\node_modules\ts-node\src\index.ts:1618:23)
    at node:internal/modules/cjs/loader:1895:10
    at Object.require.extensions.<computed> [as .ts] (C:\Users\MSI\Desktop\Desktop\Clone-repo\PawmillyWebsite\EXE202-Code\server\node_modules\ts-node\src\index.ts:1621:12)
    at Module.load (node:internal/modules/cjs/loader:1465:32)
[2025-05-17 20:40:28] [ERROR]: uncaughtException: listen EADDRINUSE: address already in use :::3000
Error: listen EADDRINUSE: address already in use :::3000
    at Server.setupListenHandle [as _listen2] (node:net:1939:16)
    at listenInCluster (node:net:1996:12)
    at Server.listen (node:net:2101:7)
    at Function.listen (C:\Users\MSI\Desktop\Desktop\Clone-repo\PawmillyWebsite\EXE202-Code\server\node_modules\express\lib\application.js:635:24)
    at Object.<anonymous> (C:\Users\MSI\Desktop\Desktop\Clone-repo\PawmillyWebsite\EXE202-Code\server\src\server.ts:12:5)
    at Module._compile (node:internal/modules/cjs/loader:1730:14)
    at Module.m._compile (C:\Users\MSI\Desktop\Desktop\Clone-repo\PawmillyWebsite\EXE202-Code\server\node_modules\ts-node\src\index.ts:1618:23)
    at node:internal/modules/cjs/loader:1895:10
    at Object.require.extensions.<computed> [as .ts] (C:\Users\MSI\Desktop\Desktop\Clone-repo\PawmillyWebsite\EXE202-Code\server\node_modules\ts-node\src\index.ts:1621:12)
    at Module.load (node:internal/modules/cjs/loader:1465:32)
[2025-05-17 20:43:51] [ERROR]: uncaughtException: listen EADDRINUSE: address already in use :::3000
Error: listen EADDRINUSE: address already in use :::3000
    at Server.setupListenHandle [as _listen2] (node:net:1939:16)
    at listenInCluster (node:net:1996:12)
    at Server.listen (node:net:2101:7)
    at Function.listen (C:\Users\MSI\Desktop\Desktop\Clone-repo\PawmillyWebsite\EXE202-Code\server\node_modules\express\lib\application.js:635:24)
    at Object.<anonymous> (C:\Users\MSI\Desktop\Desktop\Clone-repo\PawmillyWebsite\EXE202-Code\server\src\server.ts:12:5)
    at Module._compile (node:internal/modules/cjs/loader:1730:14)
    at Module.m._compile (C:\Users\MSI\Desktop\Desktop\Clone-repo\PawmillyWebsite\EXE202-Code\server\node_modules\ts-node\src\index.ts:1618:23)
    at node:internal/modules/cjs/loader:1895:10
    at Object.require.extensions.<computed> [as .ts] (C:\Users\MSI\Desktop\Desktop\Clone-repo\PawmillyWebsite\EXE202-Code\server\node_modules\ts-node\src\index.ts:1621:12)
    at Module.load (node:internal/modules/cjs/loader:1465:32)
[2025-05-17 20:43:51] [ERROR]: uncaughtException: listen EADDRINUSE: address already in use :::3000
Error: listen EADDRINUSE: address already in use :::3000
    at Server.setupListenHandle [as _listen2] (node:net:1939:16)
    at listenInCluster (node:net:1996:12)
    at Server.listen (node:net:2101:7)
    at Function.listen (C:\Users\MSI\Desktop\Desktop\Clone-repo\PawmillyWebsite\EXE202-Code\server\node_modules\express\lib\application.js:635:24)
    at Object.<anonymous> (C:\Users\MSI\Desktop\Desktop\Clone-repo\PawmillyWebsite\EXE202-Code\server\src\server.ts:12:5)
    at Module._compile (node:internal/modules/cjs/loader:1730:14)
    at Module.m._compile (C:\Users\MSI\Desktop\Desktop\Clone-repo\PawmillyWebsite\EXE202-Code\server\node_modules\ts-node\src\index.ts:1618:23)
    at node:internal/modules/cjs/loader:1895:10
    at Object.require.extensions.<computed> [as .ts] (C:\Users\MSI\Desktop\Desktop\Clone-repo\PawmillyWebsite\EXE202-Code\server\node_modules\ts-node\src\index.ts:1621:12)
    at Module.load (node:internal/modules/cjs/loader:1465:32)
[2025-05-17 20:47:42] [ERROR]: uncaughtException: listen EADDRINUSE: address already in use :::3000
Error: listen EADDRINUSE: address already in use :::3000
    at Server.setupListenHandle [as _listen2] (node:net:1939:16)
    at listenInCluster (node:net:1996:12)
    at Server.listen (node:net:2101:7)
    at Function.listen (C:\Users\MSI\Desktop\Desktop\Clone-repo\PawmillyWebsite\EXE202-Code\server\node_modules\express\lib\application.js:635:24)
    at Object.<anonymous> (C:\Users\MSI\Desktop\Desktop\Clone-repo\PawmillyWebsite\EXE202-Code\server\src\server.ts:12:5)
    at Module._compile (node:internal/modules/cjs/loader:1730:14)
    at Module.m._compile (C:\Users\MSI\Desktop\Desktop\Clone-repo\PawmillyWebsite\EXE202-Code\server\node_modules\ts-node\src\index.ts:1618:23)
    at node:internal/modules/cjs/loader:1895:10
    at Object.require.extensions.<computed> [as .ts] (C:\Users\MSI\Desktop\Desktop\Clone-repo\PawmillyWebsite\EXE202-Code\server\node_modules\ts-node\src\index.ts:1621:12)
    at Module.load (node:internal/modules/cjs/loader:1465:32)
[2025-05-17 20:47:42] [ERROR]: uncaughtException: listen EADDRINUSE: address already in use :::3000
Error: listen EADDRINUSE: address already in use :::3000
    at Server.setupListenHandle [as _listen2] (node:net:1939:16)
    at listenInCluster (node:net:1996:12)
    at Server.listen (node:net:2101:7)
    at Function.listen (C:\Users\MSI\Desktop\Desktop\Clone-repo\PawmillyWebsite\EXE202-Code\server\node_modules\express\lib\application.js:635:24)
    at Object.<anonymous> (C:\Users\MSI\Desktop\Desktop\Clone-repo\PawmillyWebsite\EXE202-Code\server\src\server.ts:12:5)
    at Module._compile (node:internal/modules/cjs/loader:1730:14)
    at Module.m._compile (C:\Users\MSI\Desktop\Desktop\Clone-repo\PawmillyWebsite\EXE202-Code\server\node_modules\ts-node\src\index.ts:1618:23)
    at node:internal/modules/cjs/loader:1895:10
    at Object.require.extensions.<computed> [as .ts] (C:\Users\MSI\Desktop\Desktop\Clone-repo\PawmillyWebsite\EXE202-Code\server\node_modules\ts-node\src\index.ts:1621:12)
    at Module.load (node:internal/modules/cjs/loader:1465:32)
[2025-05-17 20:50:57] [ERROR]: uncaughtException: listen EADDRINUSE: address already in use :::3000
Error: listen EADDRINUSE: address already in use :::3000
    at Server.setupListenHandle [as _listen2] (node:net:1939:16)
    at listenInCluster (node:net:1996:12)
    at Server.listen (node:net:2101:7)
    at Function.listen (C:\Users\MSI\Desktop\Desktop\Clone-repo\PawmillyWebsite\EXE202-Code\server\node_modules\express\lib\application.js:635:24)
    at Object.<anonymous> (C:\Users\MSI\Desktop\Desktop\Clone-repo\PawmillyWebsite\EXE202-Code\server\src\server.ts:12:5)
    at Module._compile (node:internal/modules/cjs/loader:1730:14)
    at Module.m._compile (C:\Users\MSI\Desktop\Desktop\Clone-repo\PawmillyWebsite\EXE202-Code\server\node_modules\ts-node\src\index.ts:1618:23)
    at node:internal/modules/cjs/loader:1895:10
    at Object.require.extensions.<computed> [as .ts] (C:\Users\MSI\Desktop\Desktop\Clone-repo\PawmillyWebsite\EXE202-Code\server\node_modules\ts-node\src\index.ts:1621:12)
    at Module.load (node:internal/modules/cjs/loader:1465:32)
[2025-05-17 20:51:04] [ERROR]: uncaughtException: listen EADDRINUSE: address already in use :::3000
Error: listen EADDRINUSE: address already in use :::3000
    at Server.setupListenHandle [as _listen2] (node:net:1939:16)
    at listenInCluster (node:net:1996:12)
    at Server.listen (node:net:2101:7)
    at Function.listen (C:\Users\MSI\Desktop\Desktop\Clone-repo\PawmillyWebsite\EXE202-Code\server\node_modules\express\lib\application.js:635:24)
    at Object.<anonymous> (C:\Users\MSI\Desktop\Desktop\Clone-repo\PawmillyWebsite\EXE202-Code\server\src\server.ts:12:5)
    at Module._compile (node:internal/modules/cjs/loader:1730:14)
    at Module.m._compile (C:\Users\MSI\Desktop\Desktop\Clone-repo\PawmillyWebsite\EXE202-Code\server\node_modules\ts-node\src\index.ts:1618:23)
    at node:internal/modules/cjs/loader:1895:10
    at Object.require.extensions.<computed> [as .ts] (C:\Users\MSI\Desktop\Desktop\Clone-repo\PawmillyWebsite\EXE202-Code\server\node_modules\ts-node\src\index.ts:1621:12)
    at Module.load (node:internal/modules/cjs/loader:1465:32)
[2025-05-17 20:51:49] [ERROR]: uncaughtException: listen EADDRINUSE: address already in use :::3000
Error: listen EADDRINUSE: address already in use :::3000
    at Server.setupListenHandle [as _listen2] (node:net:1939:16)
    at listenInCluster (node:net:1996:12)
    at Server.listen (node:net:2101:7)
    at Function.listen (C:\Users\MSI\Desktop\Desktop\Clone-repo\PawmillyWebsite\EXE202-Code\server\node_modules\express\lib\application.js:635:24)
    at Object.<anonymous> (C:\Users\MSI\Desktop\Desktop\Clone-repo\PawmillyWebsite\EXE202-Code\server\src\server.ts:12:5)
    at Module._compile (node:internal/modules/cjs/loader:1730:14)
    at Module.m._compile (C:\Users\MSI\Desktop\Desktop\Clone-repo\PawmillyWebsite\EXE202-Code\server\node_modules\ts-node\src\index.ts:1618:23)
    at node:internal/modules/cjs/loader:1895:10
    at Object.require.extensions.<computed> [as .ts] (C:\Users\MSI\Desktop\Desktop\Clone-repo\PawmillyWebsite\EXE202-Code\server\node_modules\ts-node\src\index.ts:1621:12)
    at Module.load (node:internal/modules/cjs/loader:1465:32)
[2025-05-17 20:51:53] [ERROR]: uncaughtException: listen EADDRINUSE: address already in use :::3000
Error: listen EADDRINUSE: address already in use :::3000
    at Server.setupListenHandle [as _listen2] (node:net:1939:16)
    at listenInCluster (node:net:1996:12)
    at Server.listen (node:net:2101:7)
    at Function.listen (C:\Users\MSI\Desktop\Desktop\Clone-repo\PawmillyWebsite\EXE202-Code\server\node_modules\express\lib\application.js:635:24)
    at Object.<anonymous> (C:\Users\MSI\Desktop\Desktop\Clone-repo\PawmillyWebsite\EXE202-Code\server\src\server.ts:12:5)
    at Module._compile (node:internal/modules/cjs/loader:1730:14)
    at Module.m._compile (C:\Users\MSI\Desktop\Desktop\Clone-repo\PawmillyWebsite\EXE202-Code\server\node_modules\ts-node\src\index.ts:1618:23)
    at node:internal/modules/cjs/loader:1895:10
    at Object.require.extensions.<computed> [as .ts] (C:\Users\MSI\Desktop\Desktop\Clone-repo\PawmillyWebsite\EXE202-Code\server\node_modules\ts-node\src\index.ts:1621:12)
    at Module.load (node:internal/modules/cjs/loader:1465:32)
[2025-05-17 20:53:39] [ERROR]: uncaughtException: listen EADDRINUSE: address already in use :::3000
Error: listen EADDRINUSE: address already in use :::3000
    at Server.setupListenHandle [as _listen2] (node:net:1939:16)
    at listenInCluster (node:net:1996:12)
    at Server.listen (node:net:2101:7)
    at Function.listen (C:\Users\MSI\Desktop\Desktop\Clone-repo\PawmillyWebsite\EXE202-Code\server\node_modules\express\lib\application.js:635:24)
    at Object.<anonymous> (C:\Users\MSI\Desktop\Desktop\Clone-repo\PawmillyWebsite\EXE202-Code\server\src\server.ts:12:5)
    at Module._compile (node:internal/modules/cjs/loader:1730:14)
    at Module.m._compile (C:\Users\MSI\Desktop\Desktop\Clone-repo\PawmillyWebsite\EXE202-Code\server\node_modules\ts-node\src\index.ts:1618:23)
    at node:internal/modules/cjs/loader:1895:10
    at Object.require.extensions.<computed> [as .ts] (C:\Users\MSI\Desktop\Desktop\Clone-repo\PawmillyWebsite\EXE202-Code\server\node_modules\ts-node\src\index.ts:1621:12)
    at Module.load (node:internal/modules/cjs/loader:1465:32)
[2025-05-17 20:57:58] [ERROR]: uncaughtException: listen EADDRINUSE: address already in use :::3000
Error: listen EADDRINUSE: address already in use :::3000
    at Server.setupListenHandle [as _listen2] (node:net:1939:16)
    at listenInCluster (node:net:1996:12)
    at Server.listen (node:net:2101:7)
    at Function.listen (C:\Users\MSI\Desktop\Desktop\Clone-repo\PawmillyWebsite\EXE202-Code\server\node_modules\express\lib\application.js:635:24)
    at Object.<anonymous> (C:\Users\MSI\Desktop\Desktop\Clone-repo\PawmillyWebsite\EXE202-Code\server\src\server.ts:12:5)
    at Module._compile (node:internal/modules/cjs/loader:1730:14)
    at Module.m._compile (C:\Users\MSI\Desktop\Desktop\Clone-repo\PawmillyWebsite\EXE202-Code\server\node_modules\ts-node\src\index.ts:1618:23)
    at node:internal/modules/cjs/loader:1895:10
    at Object.require.extensions.<computed> [as .ts] (C:\Users\MSI\Desktop\Desktop\Clone-repo\PawmillyWebsite\EXE202-Code\server\node_modules\ts-node\src\index.ts:1621:12)
    at Module.load (node:internal/modules/cjs/loader:1465:32)
[2025-05-17 20:58:03] [ERROR]: uncaughtException: listen EADDRINUSE: address already in use :::3000
Error: listen EADDRINUSE: address already in use :::3000
    at Server.setupListenHandle [as _listen2] (node:net:1939:16)
    at listenInCluster (node:net:1996:12)
    at Server.listen (node:net:2101:7)
    at Function.listen (C:\Users\MSI\Desktop\Desktop\Clone-repo\PawmillyWebsite\EXE202-Code\server\node_modules\express\lib\application.js:635:24)
    at Object.<anonymous> (C:\Users\MSI\Desktop\Desktop\Clone-repo\PawmillyWebsite\EXE202-Code\server\src\server.ts:12:5)
    at Module._compile (node:internal/modules/cjs/loader:1730:14)
    at Module.m._compile (C:\Users\MSI\Desktop\Desktop\Clone-repo\PawmillyWebsite\EXE202-Code\server\node_modules\ts-node\src\index.ts:1618:23)
    at node:internal/modules/cjs/loader:1895:10
    at Object.require.extensions.<computed> [as .ts] (C:\Users\MSI\Desktop\Desktop\Clone-repo\PawmillyWebsite\EXE202-Code\server\node_modules\ts-node\src\index.ts:1621:12)
    at Module.load (node:internal/modules/cjs/loader:1465:32)
[2025-05-17 21:12:16] [ERROR]: uncaughtException: listen EADDRINUSE: address already in use :::3000
Error: listen EADDRINUSE: address already in use :::3000
    at Server.setupListenHandle [as _listen2] (node:net:1939:16)
    at listenInCluster (node:net:1996:12)
    at Server.listen (node:net:2101:7)
    at Function.listen (C:\Users\MSI\Desktop\Desktop\Clone-repo\PawmillyWebsite\EXE202-Code\server\node_modules\express\lib\application.js:635:24)
    at Object.<anonymous> (C:\Users\MSI\Desktop\Desktop\Clone-repo\PawmillyWebsite\EXE202-Code\server\src\server.ts:12:5)
    at Module._compile (node:internal/modules/cjs/loader:1730:14)
    at Module.m._compile (C:\Users\MSI\Desktop\Desktop\Clone-repo\PawmillyWebsite\EXE202-Code\server\node_modules\ts-node\src\index.ts:1618:23)
    at node:internal/modules/cjs/loader:1895:10
    at Object.require.extensions.<computed> [as .ts] (C:\Users\MSI\Desktop\Desktop\Clone-repo\PawmillyWebsite\EXE202-Code\server\node_modules\ts-node\src\index.ts:1621:12)
    at Module.load (node:internal/modules/cjs/loader:1465:32)
